Archive member included because of file (symbol)

/usr/local/arm-cross/bin/../lib/gcc/arm-none-eabi/4.5.4/../../../../arm-none-eabi/lib/thumb/libc.a(lib_a-memcpy.o)
                              ROM_RUN/main.o (memcpy)

Allocating common symbols
Common symbol       size              file

CommPacket          0x40c             ROM_RUN/main.o
SPI1_Buffer_Rx      0x40              ROM_RUN/test.o
LEDS                0x400             ROM_RUN/main.o
lv                  0x1               ROM_RUN/stm32f10x_it.o
SPI_MASTER_Buffer_Tx
                    0x18              ROM_RUN/main.o
SPI2_Buffer_Rx      0x40              ROM_RUN/test.o

Discarded input sections

 .text          0x0000000000000000       0x14 ROM_RUN/startup_stm32f10x_md.o
 .data          0x0000000000000000        0x0 ROM_RUN/startup_stm32f10x_md.o
 .bss           0x0000000000000000        0x0 ROM_RUN/startup_stm32f10x_md.o
 .text          0x0000000000000000        0x0 ROM_RUN/main.o
 .data          0x0000000000000000        0x0 ROM_RUN/main.o
 .bss           0x0000000000000000        0x0 ROM_RUN/main.o
 .text.Driver_Init
                0x0000000000000000       0x24 ROM_RUN/main.o
 .text.LED_Set  0x0000000000000000       0x14 ROM_RUN/main.o
 .text.UpdateAnim
                0x0000000000000000       0x38 ROM_RUN/main.o
 .data.delay.3456
                0x0000000000000000        0x4 ROM_RUN/main.o
 .text          0x0000000000000000        0x0 ROM_RUN/stm32f10x_it.o
 .data          0x0000000000000000        0x0 ROM_RUN/stm32f10x_it.o
 .bss           0x0000000000000000        0x0 ROM_RUN/stm32f10x_it.o
 COMMON         0x0000000000000000        0x1 ROM_RUN/stm32f10x_it.o
 .text          0x0000000000000000        0x0 ROM_RUN/test.o
 .data          0x0000000000000000        0x0 ROM_RUN/test.o
 .bss           0x0000000000000000        0x0 ROM_RUN/test.o
 .text.Buffercmp
                0x0000000000000000       0x20 ROM_RUN/test.o
 .text.Test_SPI2
                0x0000000000000000       0xf0 ROM_RUN/test.o
 .bss.TxIdx     0x0000000000000000        0x4 ROM_RUN/test.o
 .bss.CRC2Value
                0x0000000000000000        0x2 ROM_RUN/test.o
 .data.SPI1_Buffer_Tx
                0x0000000000000000       0x40 ROM_RUN/test.o
 .data.SPI2_Buffer_Tx
                0x0000000000000000       0x40 ROM_RUN/test.o
 .bss.CRC1Value
                0x0000000000000000        0x2 ROM_RUN/test.o
 .bss.TransferStatus2
                0x0000000000000000        0x1 ROM_RUN/test.o
 .bss.TransferStatus1
                0x0000000000000000        0x1 ROM_RUN/test.o
 .bss.RxIdx     0x0000000000000000        0x4 ROM_RUN/test.o
 COMMON         0x0000000000000000       0x80 ROM_RUN/test.o
 .text          0x0000000000000000        0x0 ROM_RUN/font.o
 .data          0x0000000000000000        0x0 ROM_RUN/font.o
 .bss           0x0000000000000000        0x0 ROM_RUN/font.o
 .text          0x0000000000000000        0x0 ROM_RUN/Packet.o
 .data          0x0000000000000000        0x0 ROM_RUN/Packet.o
 .bss           0x0000000000000000        0x0 ROM_RUN/Packet.o
 .text.Packet_Init
                0x0000000000000000        0x8 ROM_RUN/Packet.o
 .text.Packet_SetCRC
                0x0000000000000000       0x1c ROM_RUN/Packet.o
 .text          0x0000000000000000        0x0 ROM_RUN/core_cm3.o
 .data          0x0000000000000000        0x0 ROM_RUN/core_cm3.o
 .bss           0x0000000000000000        0x0 ROM_RUN/core_cm3.o
 .text.__get_PSP
                0x0000000000000000        0x8 ROM_RUN/core_cm3.o
 .text.__set_PSP
                0x0000000000000000        0x6 ROM_RUN/core_cm3.o
 .text.__get_MSP
                0x0000000000000000        0x8 ROM_RUN/core_cm3.o
 .text.__set_MSP
                0x0000000000000000        0x6 ROM_RUN/core_cm3.o
 .text.__get_BASEPRI
                0x0000000000000000        0x6 ROM_RUN/core_cm3.o
 .text.__set_BASEPRI
                0x0000000000000000        0x6 ROM_RUN/core_cm3.o
 .text.__get_PRIMASK
                0x0000000000000000        0x6 ROM_RUN/core_cm3.o
 .text.__set_PRIMASK
                0x0000000000000000        0x6 ROM_RUN/core_cm3.o
 .text.__get_FAULTMASK
                0x0000000000000000        0x6 ROM_RUN/core_cm3.o
 .text.__set_FAULTMASK
                0x0000000000000000        0x6 ROM_RUN/core_cm3.o
 .text.__get_CONTROL
                0x0000000000000000        0x6 ROM_RUN/core_cm3.o
 .text.__set_CONTROL
                0x0000000000000000        0x6 ROM_RUN/core_cm3.o
 .text.__REV    0x0000000000000000        0x4 ROM_RUN/core_cm3.o
 .text.__REV16  0x0000000000000000        0x4 ROM_RUN/core_cm3.o
 .text.__REVSH  0x0000000000000000        0x4 ROM_RUN/core_cm3.o
 .text.__RBIT   0x0000000000000000        0x6 ROM_RUN/core_cm3.o
 .text.__LDREXB
                0x0000000000000000        0x8 ROM_RUN/core_cm3.o
 .text.__LDREXH
                0x0000000000000000        0x8 ROM_RUN/core_cm3.o
 .text.__LDREXW
                0x0000000000000000        0x6 ROM_RUN/core_cm3.o
 .text.__STREXB
                0x0000000000000000        0x6 ROM_RUN/core_cm3.o
[...]
Memory Configuration

Name             Origin             Length             Attributes
RAM              0x0000000020000000 0x0000000000002800 xrw
EXTSRAM          0x0000000068000000 0x0000000000000000 xrw
FLASH            0x0000000008000000 0x0000000000008000 xr
FLASHB1          0x0000000000000000 0x0000000000000000 xr
EXTMEMB0         0x0000000000000000 0x0000000000000000 xr
EXTMEMB1         0x0000000000000000 0x0000000000000000 xr
EXTMEMB2         0x0000000000000000 0x0000000000000000 xr
EXTMEMB3         0x0000000000000000 0x0000000000000000 xr
*default*        0x0000000000000000 0xffffffffffffffff

Linker script and memory map

LOAD ROM_RUN/startup_stm32f10x_md.o
LOAD ROM_RUN/main.o
LOAD ROM_RUN/stm32f10x_it.o
LOAD ROM_RUN/test.o
LOAD ROM_RUN/font.o
LOAD ROM_RUN/Packet.o
LOAD ROM_RUN/core_cm3.o
LOAD ROM_RUN/system_stm32f10x.o
LOAD ROM_RUN/stm32f10x_usart.o
LOAD ROM_RUN/stm32f10x_flash.o
LOAD ROM_RUN/stm32f10x_gpio.o
LOAD ROM_RUN/stm32f10x_rcc.o
LOAD ROM_RUN/stm32f10x_spi.o
LOAD ROM_RUN/stm32f10x_rtc.o
LOAD ROM_RUN/stm32f10x_bkp.o
LOAD ROM_RUN/stm32f10x_pwr.o
LOAD ROM_RUN/stm32f10x_dma.o
LOAD ROM_RUN/stm32f10x_tim.o
LOAD ROM_RUN/stm32f10x_crc.o
LOAD ROM_RUN/stm32f10x_iwdg.o
LOAD ROM_RUN/misc.o
LOAD /usr/local/arm-cross/bin/../lib/gcc/arm-none-eabi/4.5.4/../../../../arm-none-eabi/lib/thumb/libc.a
LOAD /usr/local/arm-cross/bin/../lib/gcc/arm-none-eabi/4.5.4/../../../../arm-none-eabi/lib/thumb/libm.a
LOAD /usr/local/arm-cross/bin/../lib/gcc/arm-none-eabi/4.5.4/../../../../arm-none-eabi/lib/thumb/libc.a
LOAD /usr/local/arm-cross/bin/../lib/gcc/arm-none-eabi/4.5.4/thumb/libgcc.a
START GROUP
LOAD /usr/local/arm-cross/bin/../lib/gcc/arm-none-eabi/4.5.4/thumb/libgcc.a
LOAD /usr/local/arm-cross/bin/../lib/gcc/arm-none-eabi/4.5.4/../../../../arm-none-eabi/lib/thumb/libg.a
LOAD /usr/local/arm-cross/bin/../lib/gcc/arm-none-eabi/4.5.4/../../../../arm-none-eabi/lib/thumb/libc.a
END GROUP
                0x0000000020002800                _estack = (ORIGIN (RAM) + 0x2800)
                0x0000000008008000                _seeprom_emul = (ORIGIN (FLASH) + 0x8000)
                0x0000000000000100                _Minimum_Stack_Size = 0x100

.text           0x0000000008000000     0x2f60
                0x0000000008000000                . = ALIGN (0x4)
 *(.isr_vectorsrom)
 .isr_vectorsrom
                0x0000000008000000      0x10c ROM_RUN/startup_stm32f10x_md.o
                0x0000000008000000                g_pfnVectors
                0x000000000800010c                . = ALIGN (0x4)
 *(.text)
 .text          0x000000000800010c      0x11c /usr/local/arm-cross/bin/../lib/gcc/arm-none-eabi/4.5.4/../../../../arm-none-eabi/lib/thumb/libc.a(lib_a-memcpy.o)
                0x000000000800010c                memcpy
 *(.text.*)
 .text.Reset_Handler
                0x0000000008000228       0x40 ROM_RUN/startup_stm32f10x_md.o
                0x0000000008000228                Reset_Handler
 .text.Default_Handler
                0x0000000008000268        0x2 ROM_RUN/startup_stm32f10x_md.o
                0x0000000008000268                USBWakeUp_IRQHandler
                0x0000000008000268                TIM1_CC_IRQHandler
                0x0000000008000268                PVD_IRQHandler
                0x0000000008000268                EXTI3_IRQHandler
                0x0000000008000268                EXTI0_IRQHandler
                0x0000000008000268                I2C2_EV_IRQHandler
                0x0000000008000268                ADC1_2_IRQHandler
                0x0000000008000268                SPI1_IRQHandler
                0x0000000008000268                TAMPER_IRQHandler
                0x0000000008000268                DMA1_Channel4_IRQHandler
                0x0000000008000268                USART3_IRQHandler
                0x0000000008000268                RTC_IRQHandler
                0x0000000008000268                DMA1_Channel7_IRQHandler
                0x0000000008000268                CAN1_RX1_IRQHandler
                0x0000000008000268                TIM4_IRQHandler
                0x0000000008000268                I2C1_EV_IRQHandler
                0x0000000008000268                DMA1_Channel6_IRQHandler
                0x0000000008000268                RCC_IRQHandler
                0x0000000008000268                TIM1_TRG_COM_IRQHandler
                0x0000000008000268                DMA1_Channel1_IRQHandler
                0x0000000008000268                Default_Handler
                0x0000000008000268                EXTI15_10_IRQHandler
                0x0000000008000268                EXTI9_5_IRQHandler
                0x0000000008000268                SPI2_IRQHandler
                0x0000000008000268                EXTI4_IRQHandler
                0x0000000008000268                USB_LP_CAN1_RX0_IRQHandler
                0x0000000008000268                USB_HP_CAN1_TX_IRQHandler
                0x0000000008000268                DMA1_Channel3_IRQHandler
                0x0000000008000268                TIM1_UP_IRQHandler
                0x0000000008000268                WWDG_IRQHandler
                0x0000000008000268                TIM2_IRQHandler
                0x0000000008000268                TIM1_BRK_IRQHandler
                0x0000000008000268                EXTI1_IRQHandler
                0x0000000008000268                RTCAlarm_IRQHandler
                0x0000000008000268                USART2_IRQHandler
                0x0000000008000268                I2C2_ER_IRQHandler
                0x0000000008000268                DMA1_Channel2_IRQHandler
                0x0000000008000268                CAN1_SCE_IRQHandler
                0x0000000008000268                FLASH_IRQHandler
                0x0000000008000268                I2C1_ER_IRQHandler
                0x0000000008000268                EXTI2_IRQHandler
 *fill*         0x000000000800026a        0x2 00
 .text.AddressSelector_Init
                0x000000000800026c       0x2c ROM_RUN/main.o
                0x000000000800026c                AddressSelector_Init
 .text.AddressSelector_Data
                0x0000000008000298       0x18 ROM_RUN/main.o
                0x0000000008000298                AddressSelector_Data
 .text.DMA1_Channel5_IRQHandler
                0x00000000080002b0       0x30 ROM_RUN/main.o
                0x00000000080002b0                DMA1_Channel5_IRQHandler
 .text.USART1_IRQHandler
                0x00000000080002e0       0x38 ROM_RUN/main.o
                0x00000000080002e0                USART1_IRQHandler
 .text.SetDotValue
                0x0000000008000318       0x64 ROM_RUN/main.o
                0x0000000008000318                SetDotValue
 .text.FillBuffer
                0x000000000800037c       0x40 ROM_RUN/main.o
                0x000000000800037c                FillBuffer
 .text.LED_Init
                0x00000000080003bc       0x2c ROM_RUN/main.o
                0x00000000080003bc                LED_Init
 .text.LED_On   0x00000000080003e8       0x18 ROM_RUN/main.o
                0x00000000080003e8                LED_On
 .text.LED_Off  0x0000000008000400       0x18 ROM_RUN/main.o
                0x0000000008000400                LED_Off
 .text.LED_Toggle
                0x0000000008000418       0x18 ROM_RUN/main.o
                0x0000000008000418                LED_Toggle
 .text.DEMUX_Init
                0x0000000008000430       0x2c ROM_RUN/main.o
                0x0000000008000430                DEMUX_Init
 .text.DEMUX_Enable
                0x000000000800045c       0x1c ROM_RUN/main.o
                0x000000000800045c                DEMUX_Enable
 .text.DEMUX_Line
                0x0000000008000478       0x18 ROM_RUN/main.o
                0x0000000008000478                DEMUX_Line
 .text.PixelClock_Init
                0x0000000008000490      0x128 ROM_RUN/main.o
                0x0000000008000490                PixelClock_Init
 .text.LEDData_Init
                0x00000000080005b8       0xa4 ROM_RUN/main.o
                0x00000000080005b8                LEDData_Init
 .text.UpdateLEDDot
                0x000000000800065c       0x38 ROM_RUN/main.o
                0x000000000800065c                UpdateLEDDot
 .text.UpdateLED
                0x0000000008000694       0x38 ROM_RUN/main.o
                0x0000000008000694                UpdateLED
 .text.LEDMode  0x00000000080006cc       0x14 ROM_RUN/main.o
                0x00000000080006cc                LEDMode
 .text.LEDXLat  0x00000000080006e0       0x14 ROM_RUN/main.o
                0x00000000080006e0                LEDXLat
 .text.TIM3_IRQHandler
                0x00000000080006f4       0x7c ROM_RUN/main.o
                0x00000000080006f4                TIM3_IRQHandler
 .text.DrawChar
                0x0000000008000770       0x90 ROM_RUN/main.o
                0x0000000008000770                DrawChar
 .text.RCC_Configuration
                0x0000000008000800       0x10 ROM_RUN/main.o
                0x0000000008000800                RCC_Configuration
 .text.NVIC_Configuration
                0x0000000008000810       0x58 ROM_RUN/main.o
                0x0000000008000810                NVIC_Configuration
 .text.Init     0x0000000008000868       0x78 ROM_RUN/main.o
                0x0000000008000868                Init
 .text.RS485_Init
                0x00000000080008e0      0x148 ROM_RUN/main.o
                0x00000000080008e0                RS485_Init
 .text.main     0x0000000008000a28      0x1ec ROM_RUN/main.o
                0x0000000008000a28                main
 .text.NMI_Handler
                0x0000000008000c14        0x2 ROM_RUN/stm32f10x_it.o
                0x0000000008000c14                NMI_Handler
 .text.HardFault_Handler
                0x0000000008000c16        0x2 ROM_RUN/stm32f10x_it.o
                0x0000000008000c16                HardFault_Handler
 .text.MemManage_Handler
                0x0000000008000c18        0x2 ROM_RUN/stm32f10x_it.o
                0x0000000008000c18                MemManage_Handler
 .text.BusFault_Handler
                0x0000000008000c1a        0x2 ROM_RUN/stm32f10x_it.o
                0x0000000008000c1a                BusFault_Handler
 .text.UsageFault_Handler
                0x0000000008000c1c        0x2 ROM_RUN/stm32f10x_it.o
                0x0000000008000c1c                UsageFault_Handler
 .text.SVC_Handler
                0x0000000008000c1e        0x2 ROM_RUN/stm32f10x_it.o
                0x0000000008000c1e                SVC_Handler
 .text.DebugMon_Handler
                0x0000000008000c20        0x2 ROM_RUN/stm32f10x_it.o
                0x0000000008000c20                DebugMon_Handler
 .text.PendSV_Handler
                0x0000000008000c22        0x2 ROM_RUN/stm32f10x_it.o
                0x0000000008000c22                PendSV_Handler
 .text.SysTick_Handler
                0x0000000008000c24        0x2 ROM_RUN/stm32f10x_it.o
                0x0000000008000c24                SysTick_Handler
 .text.Packet_CheckCRC
                0x0000000008000c26       0x24 ROM_RUN/Packet.o
                0x0000000008000c26                Packet_CheckCRC
 *fill*         0x0000000008000c4a        0x2 00
 .text.SystemInit
                0x0000000008000c4c       0xf8 ROM_RUN/system_stm32f10x.o
                0x0000000008000c4c                SystemInit
 .text.USART_Init
                0x0000000008000d44       0xb8 ROM_RUN/stm32f10x_usart.o
                0x0000000008000d44                USART_Init
 .text.USART_StructInit
                0x0000000008000dfc       0x16 ROM_RUN/stm32f10x_usart.o
                0x0000000008000dfc                USART_StructInit
 .text.USART_ClockInit
                0x0000000008000e12       0x26 ROM_RUN/stm32f10x_usart.o
                0x0000000008000e12                USART_ClockInit
 .text.USART_ClockStructInit
                0x0000000008000e38        0xc ROM_RUN/stm32f10x_usart.o
                0x0000000008000e38                USART_ClockStructInit
 .text.USART_Cmd
                0x0000000008000e44       0x1a ROM_RUN/stm32f10x_usart.o
                0x0000000008000e44                USART_Cmd
 .text.USART_ITConfig
                0x0000000008000e5e       0x36 ROM_RUN/stm32f10x_usart.o
                0x0000000008000e5e                USART_ITConfig
 .text.USART_DMACmd
                0x0000000008000e94       0x16 ROM_RUN/stm32f10x_usart.o
                0x0000000008000e94                USART_DMACmd
 .text.USART_SetAddress
                0x0000000008000eaa       0x18 ROM_RUN/stm32f10x_usart.o
                0x0000000008000eaa                USART_SetAddress
 .text.USART_WakeUpConfig
                0x0000000008000ec2       0x18 ROM_RUN/stm32f10x_usart.o
                0x0000000008000ec2                USART_WakeUpConfig
 .text.USART_ReceiverWakeUpCmd
                0x0000000008000eda       0x1a ROM_RUN/stm32f10x_usart.o
                0x0000000008000eda                USART_ReceiverWakeUpCmd
 .text.GPIO_Init
                0x0000000008000ef4       0xaa ROM_RUN/stm32f10x_gpio.o
                0x0000000008000ef4                GPIO_Init
 .text.GPIO_WriteBit
                0x0000000008000f9e        0xa ROM_RUN/stm32f10x_gpio.o
                0x0000000008000f9e                GPIO_WriteBit
 .text.RCC_PCLK1Config
                0x0000000008000fa8       0x14 ROM_RUN/stm32f10x_rcc.o
                0x0000000008000fa8                RCC_PCLK1Config
 .text.RCC_GetClocksFreq
                0x0000000008000fbc       0x98 ROM_RUN/stm32f10x_rcc.o
                0x0000000008000fbc                RCC_GetClocksFreq
 .text.RCC_AHBPeriphClockCmd
                0x0000000008001054       0x18 ROM_RUN/stm32f10x_rcc.o
                0x0000000008001054                RCC_AHBPeriphClockCmd
 .text.RCC_APB2PeriphClockCmd
                0x000000000800106c       0x18 ROM_RUN/stm32f10x_rcc.o
                0x000000000800106c                RCC_APB2PeriphClockCmd
 .text.RCC_APB1PeriphClockCmd
                0x0000000008001084       0x18 ROM_RUN/stm32f10x_rcc.o
                0x0000000008001084                RCC_APB1PeriphClockCmd
 .text.SPI_Init
                0x000000000800109c       0x42 ROM_RUN/stm32f10x_spi.o
                0x000000000800109c                SPI_Init
 .text.SPI_Cmd  0x00000000080010de       0x1a ROM_RUN/stm32f10x_spi.o
                0x00000000080010de                SPI_Cmd
 .text.SPI_I2S_SendData
                0x00000000080010f8        0x4 ROM_RUN/stm32f10x_spi.o
                0x00000000080010f8                SPI_I2S_SendData
 .text.SPI_I2S_GetFlagStatus
                0x00000000080010fc        0xc ROM_RUN/stm32f10x_spi.o
                0x00000000080010fc                SPI_I2S_GetFlagStatus
 .text.DMA_DeInit
                0x0000000008001108      0x100 ROM_RUN/stm32f10x_dma.o
                0x0000000008001108                DMA_DeInit
 .text.DMA_Init
                0x0000000008001208       0x40 ROM_RUN/stm32f10x_dma.o
                0x0000000008001208                DMA_Init
 .text.DMA_Cmd  0x0000000008001248       0x18 ROM_RUN/stm32f10x_dma.o
                0x0000000008001248                DMA_Cmd
 .text.DMA_ITConfig
                0x0000000008001260       0x12 ROM_RUN/stm32f10x_dma.o
                0x0000000008001260                DMA_ITConfig
 *fill*         0x0000000008001272        0x2 00
 .text.DMA_ClearITPendingBit
                0x0000000008001274       0x18 ROM_RUN/stm32f10x_dma.o
                0x0000000008001274                DMA_ClearITPendingBit
 .text.TIM_TimeBaseInit
                0x000000000800128c       0xa0 ROM_RUN/stm32f10x_tim.o
                0x000000000800128c                TIM_TimeBaseInit
 .text.TIM_OC1Init
                0x000000000800132c       0x9c ROM_RUN/stm32f10x_tim.o
                0x000000000800132c                TIM_OC1Init
 .text.TIM_Cmd  0x00000000080013c8       0x1a ROM_RUN/stm32f10x_tim.o
                0x00000000080013c8                TIM_Cmd
 .text.TIM_ITConfig
                0x00000000080013e2       0x16 ROM_RUN/stm32f10x_tim.o
                0x00000000080013e2                TIM_ITConfig
 .text.TIM_SelectInputTrigger
                0x00000000080013f8       0x12 ROM_RUN/stm32f10x_tim.o
                0x00000000080013f8                TIM_SelectInputTrigger
 .text.TIM_ARRPreloadConfig
                0x000000000800140a       0x1a ROM_RUN/stm32f10x_tim.o
                0x000000000800140a                TIM_ARRPreloadConfig
 .text.TIM_SelectOutputTrigger
                0x0000000008001424       0x18 ROM_RUN/stm32f10x_tim.o
                0x0000000008001424                TIM_SelectOutputTrigger
 .text.TIM_SelectSlaveMode
                0x000000000800143c       0x18 ROM_RUN/stm32f10x_tim.o
                0x000000000800143c                TIM_SelectSlaveMode
 .text.TIM_SelectMasterSlaveMode
                0x0000000008001454       0x18 ROM_RUN/stm32f10x_tim.o
                0x0000000008001454                TIM_SelectMasterSlaveMode
 .text.TIM_GetITStatus
                0x000000000800146c       0x16 ROM_RUN/stm32f10x_tim.o
                0x000000000800146c                TIM_GetITStatus
 .text.TIM_ClearITPendingBit
                0x0000000008001482        0x8 ROM_RUN/stm32f10x_tim.o
                0x0000000008001482                TIM_ClearITPendingBit
 *fill*         0x000000000800148a        0x2 00
 .text.CRC_ResetDR
                0x000000000800148c        0xc ROM_RUN/stm32f10x_crc.o
                0x000000000800148c                CRC_ResetDR
 .text.CRC_CalcBlockCRC
                0x0000000008001498       0x20 ROM_RUN/stm32f10x_crc.o
                0x0000000008001498                CRC_CalcBlockCRC
 .text.NVIC_PriorityGroupConfig
                0x00000000080014b8       0x14 ROM_RUN/misc.o
                0x00000000080014b8                NVIC_PriorityGroupConfig
 .text.NVIC_Init
                0x00000000080014cc       0x64 ROM_RUN/misc.o
                0x00000000080014cc                NVIC_Init
 *(.stub .gnu.linkonce.t.*)
 *(.rodata .rodata.* .gnu.linkonce.r.*)
 .rodata.font   0x0000000008001530       0x10 ROM_RUN/font.o
                0x0000000008001530                font
 .rodata.__font_index__
                0x0000000008001540      0x17e ROM_RUN/font.o
 .rodata.__font_bitmap__
                0x00000000080016be     0x17e0 ROM_RUN/font.o
 .rodata.__font_widths__
                0x0000000008002e9e       0xbf ROM_RUN/font.o
 *(.glue_7 .glue_7t)
 .glue_7        0x0000000000000000        0x0 linker stubs
 .glue_7t       0x0000000000000000        0x0 linker stubs
                0x0000000008002f60                . = ALIGN (0x4)
 *fill*         0x0000000008002f5d        0x3 00
                0x0000000008002f60                _etext = .
                0x0000000008002f60                _sidata = _etext

.vfp11_veneer   0x0000000008002f60        0x0
 .vfp11_veneer  0x0000000000000000        0x0 linker stubs

.v4_bx          0x0000000008002f60        0x0
 .v4_bx         0x0000000000000000        0x0 linker stubs

.data           0x0000000020000000       0x14 load address 0x0000000008002f60
                0x0000000020000000                . = .
                0x0000000020000000                . = ALIGN (0x4)
                0x0000000020000000                _sdata = .
                0x0000000020000000                . = ALIGN (0x80)
                0x0000000000000000                _isr_vectorsram_offs = (. - 0x20000000)
 *(.isr_vectorsram)
                0x0000000020000000                . = ALIGN (0x4)
 *(.ramfunc*)
                0x0000000020000000                . = ALIGN (0x4)
 *(.data .data.* .gnu.linkonce.d.*)
 .data.ADCPrescTable
                0x0000000020000000        0x4 ROM_RUN/stm32f10x_rcc.o
 .data.APBAHBPrescTable
                0x0000000020000004       0x10 ROM_RUN/stm32f10x_rcc.o
                0x0000000020000014                . = ALIGN (0x4)
                0x0000000020000014                _edata = .

.bss            0x0000000020000014      0x834 load address 0x0000000008002f74
                0x0000000020000014                . = ALIGN (0x4)
                0x0000000020000014                _sbss = .
 *(.bss .bss.*)
 .bss.BLANK_Set
                0x0000000020000014        0x1 ROM_RUN/main.o
 *fill*         0x0000000020000015        0x3 00
 .bss.CommPacket_Available
                0x0000000020000018        0x4 ROM_RUN/main.o
                0x0000000020000018                CommPacket_Available
 .bss.Address   0x000000002000001c        0x4 ROM_RUN/main.o
                0x000000002000001c                Address
 .bss.line      0x0000000020000020        0x4 ROM_RUN/main.o
 *(COMMON)
 COMMON         0x0000000020000024      0x824 ROM_RUN/main.o
                0x0000000020000024                CommPacket
                0x0000000020000430                LEDS
                0x0000000020000830                SPI_MASTER_Buffer_Tx
                0x0000000020000848                . = ALIGN (0x4)
                0x0000000020000848                _ebss = .
                0x0000000020000848                PROVIDE (end, _ebss)
                0x0000000020000848                PROVIDE (_end, _ebss)

._usrstack      0x0000000020000848      0x100 load address 0x00000000080037a8
                0x0000000020000848                . = ALIGN (0x4)
                0x0000000020000848                _susrstack = .
                0x0000000020000948                . = (. + _Minimum_Stack_Size)
 *fill*         0x0000000020000848      0x100 00
                0x0000000020000948                . = ALIGN (0x4)
                0x0000000020000948                _eusrstack = .

.b1text
 *(.b1text)
 *(.b1rodata)
 *(.b1rodata*)

.eb0text
 *(.eb0text)
 *(.eb0rodata)
 *(.eb0rodata*)

.eb1text
 *(.eb1text)
 *(.eb1rodata)
 *(.eb1rodata*)

.eb2text
 *(.eb2text)
 *(.eb2rodata)
 *(.eb2rodata*)

.eb3text
 *(.eb3text)
 *(.eb3rodata)
 *(.eb3rodata*)

.stab
 *(.stab)

.stabstr
 *(.stabstr)

.stab.excl
 *(.stab.excl)

.stab.exclstr
 *(.stab.exclstr)

.stab.index
 *(.stab.index)

.stab.indexstr
 *(.stab.indexstr)

.comment        0x0000000000000000       0x3a
 *(.comment)
 .comment       0x0000000000000000       0x3a ROM_RUN/main.o
                                         0x3b (size before relaxing)
 .comment       0x0000000000000000       0x3b ROM_RUN/stm32f10x_it.o
 .comment       0x0000000000000000       0x3b ROM_RUN/test.o
 .comment       0x0000000000000000       0x3b ROM_RUN/font.o
 .comment       0x0000000000000000       0x3b ROM_RUN/Packet.o
 .comment       0x0000000000000000       0x3b ROM_RUN/core_cm3.o
 .comment       0x0000000000000000       0x3b ROM_RUN/system_stm32f10x.o
 .comment       0x0000000000000000       0x3b ROM_RUN/stm32f10x_usart.o
 .comment       0x0000000000000000       0x3b ROM_RUN/stm32f10x_flash.o
 .comment       0x0000000000000000       0x3b ROM_RUN/stm32f10x_gpio.o
 .comment       0x0000000000000000       0x3b ROM_RUN/stm32f10x_rcc.o
 .comment       0x0000000000000000       0x3b ROM_RUN/stm32f10x_spi.o
 .comment       0x0000000000000000       0x3b ROM_RUN/stm32f10x_rtc.o
 .comment       0x0000000000000000       0x3b ROM_RUN/stm32f10x_bkp.o
 .comment       0x0000000000000000       0x3b ROM_RUN/stm32f10x_pwr.o
 .comment       0x0000000000000000       0x3b ROM_RUN/stm32f10x_dma.o
 .comment       0x0000000000000000       0x3b ROM_RUN/stm32f10x_tim.o
 .comment       0x0000000000000000       0x3b ROM_RUN/stm32f10x_crc.o
 .comment       0x0000000000000000       0x3b ROM_RUN/stm32f10x_iwdg.o
 .comment       0x0000000000000000       0x3b ROM_RUN/misc.o
 .comment       0x0000000000000000       0x3b /usr/local/arm-cross/bin/../lib/gcc/arm-none-eabi/4.5.4/../../../../arm-none-eabi/lib/thumb/libc.a(lib_a-memcpy.o)

.debug
 *(.debug)

.line
 *(.line)

.debug_srcinfo
 *(.debug_srcinfo)

.debug_sfnames
 *(.debug_sfnames)

.debug_aranges  0x0000000000000000      0xcd8
 *(.debug_aranges)
 .debug_aranges
                0x0000000000000000       0x28 ROM_RUN/startup_stm32f10x_md.o
 .debug_aranges
                0x0000000000000028      0x100 ROM_RUN/main.o
 .debug_aranges
                0x0000000000000128       0x60 ROM_RUN/stm32f10x_it.o
 .debug_aranges
                0x0000000000000188       0x28 ROM_RUN/test.o
 .debug_aranges
                0x00000000000001b0       0x30 ROM_RUN/Packet.o
 .debug_aranges
                0x00000000000001e0       0xc8 ROM_RUN/core_cm3.o
 .debug_aranges
                0x00000000000002a8       0x28 ROM_RUN/system_stm32f10x.o
 .debug_aranges
                0x00000000000002d0      0x100 ROM_RUN/stm32f10x_usart.o
 .debug_aranges
                0x00000000000003d0       0xf8 ROM_RUN/stm32f10x_flash.o
 .debug_aranges
                0x00000000000004c8       0xa8 ROM_RUN/stm32f10x_gpio.o
 .debug_aranges
                0x0000000000000570      0x118 ROM_RUN/stm32f10x_rcc.o
 .debug_aranges
                0x0000000000000688       0xd0 ROM_RUN/stm32f10x_spi.o
 .debug_aranges
                0x0000000000000758       0x88 ROM_RUN/stm32f10x_rtc.o
 .debug_aranges
                0x00000000000007e0       0x78 ROM_RUN/stm32f10x_bkp.o
 .debug_aranges
                0x0000000000000858       0x60 ROM_RUN/stm32f10x_pwr.o
 .debug_aranges
                0x00000000000008b8       0x70 ROM_RUN/stm32f10x_dma.o
 .debug_aranges
                0x0000000000000928      0x2e0 ROM_RUN/stm32f10x_tim.o
 .debug_aranges
                0x0000000000000c08       0x48 ROM_RUN/stm32f10x_crc.o
 .debug_aranges
                0x0000000000000c50       0x48 ROM_RUN/stm32f10x_iwdg.o
 .debug_aranges
                0x0000000000000c98       0x40 ROM_RUN/misc.o

.debug_pubnames
                0x0000000000000000     0x1f3c
 *(.debug_pubnames)
 .debug_pubnames
                0x0000000000000000      0x244 ROM_RUN/main.o
 .debug_pubnames
                0x0000000000000244       0xcd ROM_RUN/stm32f10x_it.o
 .debug_pubnames
                0x0000000000000311       0xd2 ROM_RUN/test.o
 .debug_pubnames
                0x00000000000003e3       0x1b ROM_RUN/font.o
 .debug_pubnames
                0x00000000000003fe       0x48 ROM_RUN/Packet.o
 .debug_pubnames
                0x0000000000000446      0x159 ROM_RUN/core_cm3.o
 .debug_pubnames
                0x000000000000059f       0x61 ROM_RUN/system_stm32f10x.o
 .debug_pubnames
                0x0000000000000600      0x294 ROM_RUN/stm32f10x_usart.o
 .debug_pubnames
                0x0000000000000894      0x2f2 ROM_RUN/stm32f10x_flash.o
 .debug_pubnames
                0x0000000000000b86      0x19d ROM_RUN/stm32f10x_gpio.o
 .debug_pubnames
                0x0000000000000d23      0x2c4 ROM_RUN/stm32f10x_rcc.o
 .debug_pubnames
                0x0000000000000fe7      0x1f6 ROM_RUN/stm32f10x_spi.o
 .debug_pubnames
                0x00000000000011dd      0x136 ROM_RUN/stm32f10x_rtc.o
 .debug_pubnames
                0x0000000000001313      0x128 ROM_RUN/stm32f10x_bkp.o
 .debug_pubnames
                0x000000000000143b       0xcb ROM_RUN/stm32f10x_pwr.o
 .debug_pubnames
                0x0000000000001506       0xea ROM_RUN/stm32f10x_dma.o
 .debug_pubnames
                0x00000000000015f0      0x7b0 ROM_RUN/stm32f10x_tim.o
 .debug_pubnames
                0x0000000000001da0       0x82 ROM_RUN/stm32f10x_crc.o
 .debug_pubnames
                0x0000000000001e22       0x91 ROM_RUN/stm32f10x_iwdg.o
 .debug_pubnames
                0x0000000000001eb3       0x89 ROM_RUN/misc.o

.debug_info     0x0000000000000000     0x9436
 *(.debug_info .gnu.linkonce.wi.*)
 .debug_info    0x0000000000000000       0x77 ROM_RUN/startup_stm32f10x_md.o
 .debug_info    0x0000000000000077     0x13cc ROM_RUN/main.o
 .debug_info    0x0000000000001443      0x156 ROM_RUN/stm32f10x_it.o
 .debug_info    0x0000000000001599      0x5bf ROM_RUN/test.o
 .debug_info    0x0000000000001b58      0x13f ROM_RUN/font.o
 .debug_info    0x0000000000001c97      0x1cb ROM_RUN/Packet.o
 .debug_info    0x0000000000001e62      0x54f ROM_RUN/core_cm3.o
 .debug_info    0x00000000000023b1      0x4cb ROM_RUN/system_stm32f10x.o
 .debug_info    0x000000000000287c      0xa4e ROM_RUN/stm32f10x_usart.o
 .debug_info    0x00000000000032ca      0x824 ROM_RUN/stm32f10x_flash.o
 .debug_info    0x0000000000003aee      0x71d ROM_RUN/stm32f10x_gpio.o
 .debug_info    0x000000000000420b      0x8e6 ROM_RUN/stm32f10x_rcc.o
 .debug_info    0x0000000000004af1      0x95c ROM_RUN/stm32f10x_spi.o
 .debug_info    0x000000000000544d      0x46a ROM_RUN/stm32f10x_rtc.o
 .debug_info    0x00000000000058b7      0x872 ROM_RUN/stm32f10x_bkp.o
 .debug_info    0x0000000000006129      0x470 ROM_RUN/stm32f10x_pwr.o
 .debug_info    0x0000000000006599      0x499 ROM_RUN/stm32f10x_dma.o
 .debug_info    0x0000000000006a32     0x20bf ROM_RUN/stm32f10x_tim.o
 .debug_info    0x0000000000008af1      0x200 ROM_RUN/stm32f10x_crc.o
 .debug_info    0x0000000000008cf1      0x1fd ROM_RUN/stm32f10x_iwdg.o
 .debug_info    0x0000000000008eee      0x548 ROM_RUN/misc.o

.debug_abbrev   0x0000000000000000     0x1e35
 *(.debug_abbrev)
 .debug_abbrev  0x0000000000000000       0x12 ROM_RUN/startup_stm32f10x_md.o
 .debug_abbrev  0x0000000000000012      0x336 ROM_RUN/main.o
 .debug_abbrev  0x0000000000000348       0x6a ROM_RUN/stm32f10x_it.o
 .debug_abbrev  0x00000000000003b2      0x163 ROM_RUN/test.o
 .debug_abbrev  0x0000000000000515       0x97 ROM_RUN/font.o
 .debug_abbrev  0x00000000000005ac      0x12e ROM_RUN/Packet.o
 .debug_abbrev  0x00000000000006da       0xb6 ROM_RUN/core_cm3.o
 .debug_abbrev  0x0000000000000790      0x1a8 ROM_RUN/system_stm32f10x.o
 .debug_abbrev  0x0000000000000938      0x1ab ROM_RUN/stm32f10x_usart.o
 .debug_abbrev  0x0000000000000ae3      0x199 ROM_RUN/stm32f10x_flash.o
 .debug_abbrev  0x0000000000000c7c      0x1db ROM_RUN/stm32f10x_gpio.o
 .debug_abbrev  0x0000000000000e57      0x1d2 ROM_RUN/stm32f10x_rcc.o
 .debug_abbrev  0x0000000000001029      0x1b2 ROM_RUN/stm32f10x_spi.o
 .debug_abbrev  0x00000000000011db      0x19d ROM_RUN/stm32f10x_rtc.o
 .debug_abbrev  0x0000000000001378      0x17e ROM_RUN/stm32f10x_bkp.o
 .debug_abbrev  0x00000000000014f6      0x1a0 ROM_RUN/stm32f10x_pwr.o
 .debug_abbrev  0x0000000000001696      0x176 ROM_RUN/stm32f10x_dma.o
 .debug_abbrev  0x000000000000180c      0x28d ROM_RUN/stm32f10x_tim.o
 .debug_abbrev  0x0000000000001a99      0x134 ROM_RUN/stm32f10x_crc.o
 .debug_abbrev  0x0000000000001bcd      0x10b ROM_RUN/stm32f10x_iwdg.o
 .debug_abbrev  0x0000000000001cd8      0x15d ROM_RUN/misc.o

.debug_line     0x0000000000000000     0x3c79
 *(.debug_line)
 .debug_line    0x0000000000000000       0x6a ROM_RUN/startup_stm32f10x_md.o
 .debug_line    0x000000000000006a      0x642 ROM_RUN/main.o
 .debug_line    0x00000000000006ac       0xf4 ROM_RUN/stm32f10x_it.o
 .debug_line    0x00000000000007a0      0x1d1 ROM_RUN/test.o
 .debug_line    0x0000000000000971       0x31 ROM_RUN/font.o
 .debug_line    0x00000000000009a2      0x148 ROM_RUN/Packet.o
 .debug_line    0x0000000000000aea      0x24a ROM_RUN/core_cm3.o
 .debug_line    0x0000000000000d34      0x183 ROM_RUN/system_stm32f10x.o
 .debug_line    0x0000000000000eb7      0x465 ROM_RUN/stm32f10x_usart.o
 .debug_line    0x000000000000131c      0x4b2 ROM_RUN/stm32f10x_flash.o
 .debug_line    0x00000000000017ce      0x350 ROM_RUN/stm32f10x_gpio.o
 .debug_line    0x0000000000001b1e      0x430 ROM_RUN/stm32f10x_rcc.o
 .debug_line    0x0000000000001f4e      0x3e8 ROM_RUN/stm32f10x_spi.o
 .debug_line    0x0000000000002336      0x264 ROM_RUN/stm32f10x_rtc.o
 .debug_line    0x000000000000259a      0x21f ROM_RUN/stm32f10x_bkp.o
 .debug_line    0x00000000000027b9      0x206 ROM_RUN/stm32f10x_pwr.o
 .debug_line    0x00000000000029bf      0x28e ROM_RUN/stm32f10x_dma.o
 .debug_line    0x0000000000002c4d      0xaf5 ROM_RUN/stm32f10x_tim.o
 .debug_line    0x0000000000003742      0x1b9 ROM_RUN/stm32f10x_crc.o
 .debug_line    0x00000000000038fb      0x1a5 ROM_RUN/stm32f10x_iwdg.o
 .debug_line    0x0000000000003aa0      0x1d9 ROM_RUN/misc.o

.debug_frame    0x0000000000000000     0x1a5c
 *(.debug_frame)
 .debug_frame   0x0000000000000000      0x2d8 ROM_RUN/main.o
 .debug_frame   0x00000000000002d8       0xa0 ROM_RUN/stm32f10x_it.o
 .debug_frame   0x0000000000000378       0x44 ROM_RUN/test.o
 .debug_frame   0x00000000000003bc       0x58 ROM_RUN/Packet.o
 .debug_frame   0x0000000000000414      0x170 ROM_RUN/core_cm3.o
 .debug_frame   0x0000000000000584       0x34 ROM_RUN/system_stm32f10x.o
 .debug_frame   0x00000000000005b8      0x20c ROM_RUN/stm32f10x_usart.o
 .debug_frame   0x00000000000007c4      0x254 ROM_RUN/stm32f10x_flash.o
 .debug_frame   0x0000000000000a18      0x174 ROM_RUN/stm32f10x_gpio.o
 .debug_frame   0x0000000000000b8c      0x224 ROM_RUN/stm32f10x_rcc.o
 .debug_frame   0x0000000000000db0      0x1a8 ROM_RUN/stm32f10x_spi.o
 .debug_frame   0x0000000000000f58      0x108 ROM_RUN/stm32f10x_rtc.o
 .debug_frame   0x0000000000001060       0xe0 ROM_RUN/stm32f10x_bkp.o
 .debug_frame   0x0000000000001140       0xa8 ROM_RUN/stm32f10x_pwr.o
 .debug_frame   0x00000000000011e8       0xc8 ROM_RUN/stm32f10x_dma.o
 .debug_frame   0x00000000000012b0      0x65c ROM_RUN/stm32f10x_tim.o
 .debug_frame   0x000000000000190c       0x78 ROM_RUN/stm32f10x_crc.o
 .debug_frame   0x0000000000001984       0x70 ROM_RUN/stm32f10x_iwdg.o
 .debug_frame   0x00000000000019f4       0x68 ROM_RUN/misc.o

.debug_str      0x0000000000000000     0x35c7
 *(.debug_str)
 .debug_str     0x0000000000000000      0xcdd ROM_RUN/main.o
                                        0xd39 (size before relaxing)
 .debug_str     0x0000000000000cdd       0x9f ROM_RUN/stm32f10x_it.o
                                        0x18e (size before relaxing)
 .debug_str     0x0000000000000d7c       0xc9 ROM_RUN/test.o
                                        0x4ea (size before relaxing)
 .debug_str     0x0000000000000e45       0x36 ROM_RUN/font.o
                                         0xfa (size before relaxing)
 .debug_str     0x0000000000000e7b       0x49 ROM_RUN/Packet.o
                                        0x175 (size before relaxing)
 .debug_str     0x0000000000000ec4      0x163 ROM_RUN/core_cm3.o
                                        0x275 (size before relaxing)
 .debug_str     0x0000000000001027      0x16b ROM_RUN/system_stm32f10x.o
                                        0x292 (size before relaxing)
 .debug_str     0x0000000000001192      0x3db ROM_RUN/stm32f10x_usart.o
                                        0x63b (size before relaxing)
 .debug_str     0x000000000000156d      0x403 ROM_RUN/stm32f10x_flash.o
                                        0x593 (size before relaxing)
 .debug_str     0x0000000000001970      0x249 ROM_RUN/stm32f10x_gpio.o
                                        0x4c4 (size before relaxing)
 .debug_str     0x0000000000001bb9      0x381 ROM_RUN/stm32f10x_rcc.o
                                        0x5c5 (size before relaxing)
 .debug_str     0x0000000000001f3a      0x2c1 ROM_RUN/stm32f10x_spi.o
                                        0x5a8 (size before relaxing)
 .debug_str     0x00000000000021fb      0x194 ROM_RUN/stm32f10x_rtc.o
                                        0x34d (size before relaxing)
 .debug_str     0x000000000000238f      0x326 ROM_RUN/stm32f10x_bkp.o
                                        0x560 (size before relaxing)
 .debug_str     0x00000000000026b5      0x11c ROM_RUN/stm32f10x_pwr.o
                                        0x2bd (size before relaxing)
 .debug_str     0x00000000000027d1      0x13b ROM_RUN/stm32f10x_dma.o
                                        0x36c (size before relaxing)
 .debug_str     0x000000000000290c      0x9d3 ROM_RUN/stm32f10x_tim.o
                                        0xd88 (size before relaxing)
 .debug_str     0x00000000000032df       0xb7 ROM_RUN/stm32f10x_crc.o
                                        0x1e6 (size before relaxing)
 .debug_str     0x0000000000003396       0xdc ROM_RUN/stm32f10x_iwdg.o
                                        0x207 (size before relaxing)
 .debug_str     0x0000000000003472      0x155 ROM_RUN/misc.o
                                        0x36e (size before relaxing)

.debug_loc      0x0000000000000000     0x3fe9
 *(.debug_loc)
 .debug_loc     0x0000000000000000      0x77d ROM_RUN/main.o
 .debug_loc     0x000000000000077d       0x85 ROM_RUN/test.o
 .debug_loc     0x0000000000000802       0x9b ROM_RUN/Packet.o
 .debug_loc     0x000000000000089d      0x280 ROM_RUN/core_cm3.o
 .debug_loc     0x0000000000000b1d       0xb2 ROM_RUN/system_stm32f10x.o
 .debug_loc     0x0000000000000bcf      0x4b4 ROM_RUN/stm32f10x_usart.o
 .debug_loc     0x0000000000001083      0x792 ROM_RUN/stm32f10x_flash.o
 .debug_loc     0x0000000000001815      0x4bd ROM_RUN/stm32f10x_gpio.o
 .debug_loc     0x0000000000001cd2      0x49f ROM_RUN/stm32f10x_rcc.o
 .debug_loc     0x0000000000002171      0x41b ROM_RUN/stm32f10x_spi.o
 .debug_loc     0x000000000000258c      0x1b4 ROM_RUN/stm32f10x_rtc.o
 .debug_loc     0x0000000000002740      0x11d ROM_RUN/stm32f10x_bkp.o
 .debug_loc     0x000000000000285d       0xd2 ROM_RUN/stm32f10x_pwr.o
 .debug_loc     0x000000000000292f      0x142 ROM_RUN/stm32f10x_dma.o
 .debug_loc     0x0000000000002a71     0x13a0 ROM_RUN/stm32f10x_tim.o
 .debug_loc     0x0000000000003e11       0x89 ROM_RUN/stm32f10x_crc.o
 .debug_loc     0x0000000000003e9a       0x3d ROM_RUN/stm32f10x_iwdg.o
 .debug_loc     0x0000000000003ed7      0x112 ROM_RUN/misc.o

.debug_macinfo
 *(.debug_macinfo)

.debug_weaknames
 *(.debug_weaknames)

.debug_funcnames
 *(.debug_funcnames)

.debug_typenames
 *(.debug_typenames)

.debug_varnames
 *(.debug_varnames)

.debug_pubtypes
                0x0000000000000000      0xb46
 *(.debug_pubtypes)
 .debug_pubtypes
                0x0000000000000000      0x1c4 ROM_RUN/main.o
 .debug_pubtypes
                0x00000000000001c4       0x12 ROM_RUN/stm32f10x_it.o
 .debug_pubtypes
                0x00000000000001d6       0xe3 ROM_RUN/test.o
 .debug_pubtypes
                0x00000000000002b9       0x22 ROM_RUN/font.o
 .debug_pubtypes
                0x00000000000002db       0x4f ROM_RUN/Packet.o
 .debug_pubtypes
                0x000000000000032a       0x50 ROM_RUN/core_cm3.o
 .debug_pubtypes
                0x000000000000037a       0x67 ROM_RUN/system_stm32f10x.o
 .debug_pubtypes
                0x00000000000003e1       0xc9 ROM_RUN/stm32f10x_usart.o
 .debug_pubtypes
                0x00000000000004aa       0x8d ROM_RUN/stm32f10x_flash.o
 .debug_pubtypes
                0x0000000000000537       0xc3 ROM_RUN/stm32f10x_gpio.o
 .debug_pubtypes
                0x00000000000005fa       0x9e ROM_RUN/stm32f10x_rcc.o
 .debug_pubtypes
                0x0000000000000698       0xb6 ROM_RUN/stm32f10x_spi.o
 .debug_pubtypes
                0x000000000000074e       0x78 ROM_RUN/stm32f10x_rtc.o
 .debug_pubtypes
                0x00000000000007c6       0x78 ROM_RUN/stm32f10x_bkp.o
 .debug_pubtypes
                0x000000000000083e       0x78 ROM_RUN/stm32f10x_pwr.o
 .debug_pubtypes
                0x00000000000008b6       0x98 ROM_RUN/stm32f10x_dma.o
 .debug_pubtypes
                0x000000000000094e       0xd8 ROM_RUN/stm32f10x_tim.o
 .debug_pubtypes
                0x0000000000000a26       0x48 ROM_RUN/stm32f10x_crc.o
 .debug_pubtypes
                0x0000000000000a6e       0x58 ROM_RUN/stm32f10x_iwdg.o
 .debug_pubtypes
                0x0000000000000ac6       0x80 ROM_RUN/misc.o

.debug_ranges   0x0000000000000000      0xcb0
 *(.debug_ranges)
 .debug_ranges  0x0000000000000000       0x20 ROM_RUN/startup_stm32f10x_md.o
 .debug_ranges  0x0000000000000020      0x130 ROM_RUN/main.o
 .debug_ranges  0x0000000000000150       0x50 ROM_RUN/stm32f10x_it.o
 .debug_ranges  0x00000000000001a0       0x18 ROM_RUN/test.o
 .debug_ranges  0x00000000000001b8       0x20 ROM_RUN/Packet.o
 .debug_ranges  0x00000000000001d8       0xb8 ROM_RUN/core_cm3.o
 .debug_ranges  0x0000000000000290       0x18 ROM_RUN/system_stm32f10x.o
 .debug_ranges  0x00000000000002a8       0xf0 ROM_RUN/stm32f10x_usart.o
 .debug_ranges  0x0000000000000398       0xe8 ROM_RUN/stm32f10x_flash.o
 .debug_ranges  0x0000000000000480       0x98 ROM_RUN/stm32f10x_gpio.o
 .debug_ranges  0x0000000000000518      0x108 ROM_RUN/stm32f10x_rcc.o
 .debug_ranges  0x0000000000000620       0xc0 ROM_RUN/stm32f10x_spi.o
 .debug_ranges  0x00000000000006e0       0x78 ROM_RUN/stm32f10x_rtc.o
 .debug_ranges  0x0000000000000758       0x68 ROM_RUN/stm32f10x_bkp.o
 .debug_ranges  0x00000000000007c0       0x50 ROM_RUN/stm32f10x_pwr.o
 .debug_ranges  0x0000000000000810       0x60 ROM_RUN/stm32f10x_dma.o
 .debug_ranges  0x0000000000000870      0x3a0 ROM_RUN/stm32f10x_tim.o
 .debug_ranges  0x0000000000000c10       0x38 ROM_RUN/stm32f10x_crc.o
 .debug_ranges  0x0000000000000c48       0x38 ROM_RUN/stm32f10x_iwdg.o
 .debug_ranges  0x0000000000000c80       0x30 ROM_RUN/misc.o

.ARM.attributes
                0x0000000000000000       0x2d
 *(.ARM.attributes)
 .ARM.attributes
                0x0000000000000000       0x21 ROM_RUN/startup_stm32f10x_md.o
 .ARM.attributes
                0x0000000000000021       0x31 ROM_RUN/main.o
 .ARM.attributes
                0x0000000000000052       0x31 ROM_RUN/stm32f10x_it.o
 .ARM.attributes
                0x0000000000000083       0x31 ROM_RUN/test.o
 .ARM.attributes
                0x00000000000000b4       0x31 ROM_RUN/font.o
 .ARM.attributes
                0x00000000000000e5       0x31 ROM_RUN/Packet.o
 .ARM.attributes
                0x0000000000000116       0x31 ROM_RUN/core_cm3.o
 .ARM.attributes
                0x0000000000000147       0x31 ROM_RUN/system_stm32f10x.o
 .ARM.attributes
                0x0000000000000178       0x31 ROM_RUN/stm32f10x_usart.o
 .ARM.attributes
                0x00000000000001a9       0x31 ROM_RUN/stm32f10x_flash.o
 .ARM.attributes
                0x00000000000001da       0x31 ROM_RUN/stm32f10x_gpio.o
 .ARM.attributes
                0x000000000000020b       0x31 ROM_RUN/stm32f10x_rcc.o
 .ARM.attributes
                0x000000000000023c       0x31 ROM_RUN/stm32f10x_spi.o
 .ARM.attributes
                0x000000000000026d       0x31 ROM_RUN/stm32f10x_rtc.o
 .ARM.attributes
                0x000000000000029e       0x31 ROM_RUN/stm32f10x_bkp.o
 .ARM.attributes
                0x00000000000002cf       0x31 ROM_RUN/stm32f10x_pwr.o
 .ARM.attributes
                0x0000000000000300       0x31 ROM_RUN/stm32f10x_dma.o
 .ARM.attributes
                0x0000000000000331       0x31 ROM_RUN/stm32f10x_tim.o
 .ARM.attributes
                0x0000000000000362       0x31 ROM_RUN/stm32f10x_crc.o
 .ARM.attributes
                0x0000000000000393       0x31 ROM_RUN/stm32f10x_iwdg.o
 .ARM.attributes
                0x00000000000003c4       0x31 ROM_RUN/misc.o
 .ARM.attributes
                0x00000000000003f5       0x2b /usr/local/arm-cross/bin/../lib/gcc/arm-none-eabi/4.5.4/../../../../arm-none-eabi/lib/thumb/libc.a(lib_a-memcpy.o)
 *(.gnu.attributes)

.note.gnu.arm.ident
 *(.note.gnu.arm.ident)

/DISCARD/
 *(.note.GNU-stack)
 *(.gnu_debuglink)
                0x0000000000000400                __Stack_Size = 0x400
                0x0000000000000400                PROVIDE (_Stack_Size, __Stack_Size)
                0x0000000020002400                __Stack_Init = (_estack - __Stack_Size)
                0x0000000020002400                PROVIDE (_Stack_Init, __Stack_Init)
OUTPUT(ROM_RUN/rediff.elf elf32-littlearm)

Cross Reference Table

Symbol                                            File
ADC1_2_IRQHandler                                 ROM_RUN/startup_stm32f10x_md.o
AHBPrescTable                                     ROM_RUN/system_stm32f10x.o
Address                                           ROM_RUN/main.o
AddressSelector_Data                              ROM_RUN/main.o
AddressSelector_Init                              ROM_RUN/main.o
BKP_ClearFlag                                     ROM_RUN/stm32f10x_bkp.o
BKP_ClearITPendingBit                             ROM_RUN/stm32f10x_bkp.o
BKP_DeInit                                        ROM_RUN/stm32f10x_bkp.o
BKP_GetFlagStatus                                 ROM_RUN/stm32f10x_bkp.o
BKP_GetITStatus                                   ROM_RUN/stm32f10x_bkp.o
BKP_ITConfig                                      ROM_RUN/stm32f10x_bkp.o
BKP_RTCOutputConfig                               ROM_RUN/stm32f10x_bkp.o
BKP_ReadBackupRegister                            ROM_RUN/stm32f10x_bkp.o
BKP_SetRTCCalibrationValue                        ROM_RUN/stm32f10x_bkp.o
BKP_TamperPinCmd                                  ROM_RUN/stm32f10x_bkp.o
BKP_TamperPinLevelConfig                          ROM_RUN/stm32f10x_bkp.o
BKP_WriteBackupRegister                           ROM_RUN/stm32f10x_bkp.o
Buffercmp                                         ROM_RUN/test.o
BusFault_Handler                                  ROM_RUN/stm32f10x_it.o
                                                  ROM_RUN/startup_stm32f10x_md.o
CAN1_RX1_IRQHandler                               ROM_RUN/startup_stm32f10x_md.o
CAN1_SCE_IRQHandler                               ROM_RUN/startup_stm32f10x_md.o
CRC1Value                                         ROM_RUN/test.o
CRC2Value                                         ROM_RUN/test.o
CRC_CalcBlockCRC                                  ROM_RUN/stm32f10x_crc.o
                                                  ROM_RUN/Packet.o
CRC_CalcCRC                                       ROM_RUN/stm32f10x_crc.o
CRC_GetCRC                                        ROM_RUN/stm32f10x_crc.o
CRC_GetIDRegister                                 ROM_RUN/stm32f10x_crc.o
CRC_ResetDR                                       ROM_RUN/stm32f10x_crc.o
                                                  ROM_RUN/Packet.o
CRC_SetIDRegister                                 ROM_RUN/stm32f10x_crc.o
CommPacket                                        ROM_RUN/main.o
CommPacket_Available                              ROM_RUN/main.o
DEMUX_Enable                                      ROM_RUN/main.o
DEMUX_Init                                        ROM_RUN/main.o
DEMUX_Line                                        ROM_RUN/main.o
DMA1_Channel1_IRQHandler                          ROM_RUN/startup_stm32f10x_md.o
DMA1_Channel2_IRQHandler                          ROM_RUN/startup_stm32f10x_md.o
DMA1_Channel3_IRQHandler                          ROM_RUN/startup_stm32f10x_md.o
DMA1_Channel4_IRQHandler                          ROM_RUN/startup_stm32f10x_md.o
DMA1_Channel5_IRQHandler                          ROM_RUN/main.o
                                                  ROM_RUN/startup_stm32f10x_md.o
DMA1_Channel6_IRQHandler                          ROM_RUN/startup_stm32f10x_md.o
DMA1_Channel7_IRQHandler                          ROM_RUN/startup_stm32f10x_md.o
DMA_ClearFlag                                     ROM_RUN/stm32f10x_dma.o
DMA_ClearITPendingBit                             ROM_RUN/stm32f10x_dma.o
                                                  ROM_RUN/main.o
DMA_Cmd                                           ROM_RUN/stm32f10x_dma.o
                                                  ROM_RUN/main.o
DMA_DeInit                                        ROM_RUN/stm32f10x_dma.o
                                                  ROM_RUN/main.o
DMA_GetCurrDataCounter                            ROM_RUN/stm32f10x_dma.o
DMA_GetFlagStatus                                 ROM_RUN/stm32f10x_dma.o
DMA_GetITStatus                                   ROM_RUN/stm32f10x_dma.o
DMA_ITConfig                                      ROM_RUN/stm32f10x_dma.o
                                                  ROM_RUN/main.o
DMA_Init                                          ROM_RUN/stm32f10x_dma.o
                                                  ROM_RUN/main.o
DMA_SetCurrDataCounter                            ROM_RUN/stm32f10x_dma.o
DMA_StructInit                                    ROM_RUN/stm32f10x_dma.o
DebugMon_Handler                                  ROM_RUN/stm32f10x_it.o
                                                  ROM_RUN/startup_stm32f10x_md.o
Default_Handler                                   ROM_RUN/startup_stm32f10x_md.o
DrawChar                                          ROM_RUN/main.o
Driver_Init                                       ROM_RUN/main.o
EXTI0_IRQHandler                                  ROM_RUN/startup_stm32f10x_md.o
EXTI15_10_IRQHandler                              ROM_RUN/startup_stm32f10x_md.o
EXTI1_IRQHandler                                  ROM_RUN/startup_stm32f10x_md.o
EXTI2_IRQHandler                                  ROM_RUN/startup_stm32f10x_md.o
EXTI3_IRQHandler                                  ROM_RUN/startup_stm32f10x_md.o
EXTI4_IRQHandler                                  ROM_RUN/startup_stm32f10x_md.o
EXTI9_5_IRQHandler                                ROM_RUN/startup_stm32f10x_md.o
FLASH_ClearFlag                                   ROM_RUN/stm32f10x_flash.o
FLASH_EnableWriteProtection                       ROM_RUN/stm32f10x_flash.o
FLASH_EraseAllBank1Pages                          ROM_RUN/stm32f10x_flash.o
FLASH_EraseAllPages                               ROM_RUN/stm32f10x_flash.o
FLASH_EraseOptionBytes                            ROM_RUN/stm32f10x_flash.o
FLASH_ErasePage                                   ROM_RUN/stm32f10x_flash.o
FLASH_GetBank1Status                              ROM_RUN/stm32f10x_flash.o
FLASH_GetFlagStatus                               ROM_RUN/stm32f10x_flash.o
FLASH_GetPrefetchBufferStatus                     ROM_RUN/stm32f10x_flash.o
FLASH_GetReadOutProtectionStatus                  ROM_RUN/stm32f10x_flash.o
FLASH_GetStatus                                   ROM_RUN/stm32f10x_flash.o
FLASH_GetUserOptionByte                           ROM_RUN/stm32f10x_flash.o
FLASH_GetWriteProtectionOptionByte                ROM_RUN/stm32f10x_flash.o
FLASH_HalfCycleAccessCmd                          ROM_RUN/stm32f10x_flash.o
FLASH_IRQHandler                                  ROM_RUN/startup_stm32f10x_md.o
FLASH_ITConfig                                    ROM_RUN/stm32f10x_flash.o
FLASH_Lock                                        ROM_RUN/stm32f10x_flash.o
FLASH_LockBank1                                   ROM_RUN/stm32f10x_flash.o
FLASH_PrefetchBufferCmd                           ROM_RUN/stm32f10x_flash.o
FLASH_ProgramHalfWord                             ROM_RUN/stm32f10x_flash.o
FLASH_ProgramOptionByteData                       ROM_RUN/stm32f10x_flash.o
FLASH_ProgramWord                                 ROM_RUN/stm32f10x_flash.o
FLASH_ReadOutProtection                           ROM_RUN/stm32f10x_flash.o
FLASH_SetLatency                                  ROM_RUN/stm32f10x_flash.o
FLASH_Unlock                                      ROM_RUN/stm32f10x_flash.o
FLASH_UnlockBank1                                 ROM_RUN/stm32f10x_flash.o
FLASH_UserOptionByteConfig                        ROM_RUN/stm32f10x_flash.o
FLASH_WaitForLastBank1Operation                   ROM_RUN/stm32f10x_flash.o
FLASH_WaitForLastOperation                        ROM_RUN/stm32f10x_flash.o
FillBuffer                                        ROM_RUN/main.o
GPIO_AFIODeInit                                   ROM_RUN/stm32f10x_gpio.o
GPIO_DeInit                                       ROM_RUN/stm32f10x_gpio.o
GPIO_ETH_MediaInterfaceConfig                     ROM_RUN/stm32f10x_gpio.o
GPIO_EXTILineConfig                               ROM_RUN/stm32f10x_gpio.o
GPIO_EventOutputCmd                               ROM_RUN/stm32f10x_gpio.o
GPIO_EventOutputConfig                            ROM_RUN/stm32f10x_gpio.o
GPIO_Init                                         ROM_RUN/stm32f10x_gpio.o
                                                  ROM_RUN/test.o
                                                  ROM_RUN/main.o
GPIO_PinLockConfig                                ROM_RUN/stm32f10x_gpio.o
GPIO_PinRemapConfig                               ROM_RUN/stm32f10x_gpio.o
GPIO_ReadInputData                                ROM_RUN/stm32f10x_gpio.o
GPIO_ReadInputDataBit                             ROM_RUN/stm32f10x_gpio.o
GPIO_ReadOutputData                               ROM_RUN/stm32f10x_gpio.o
GPIO_ReadOutputDataBit                            ROM_RUN/stm32f10x_gpio.o
GPIO_ResetBits                                    ROM_RUN/stm32f10x_gpio.o
GPIO_SetBits                                      ROM_RUN/stm32f10x_gpio.o
GPIO_StructInit                                   ROM_RUN/stm32f10x_gpio.o
GPIO_Write                                        ROM_RUN/stm32f10x_gpio.o
GPIO_WriteBit                                     ROM_RUN/stm32f10x_gpio.o
                                                  ROM_RUN/main.o
HardFault_Handler                                 ROM_RUN/stm32f10x_it.o
                                                  ROM_RUN/startup_stm32f10x_md.o
I2C1_ER_IRQHandler                                ROM_RUN/startup_stm32f10x_md.o
I2C1_EV_IRQHandler                                ROM_RUN/startup_stm32f10x_md.o
I2C2_ER_IRQHandler                                ROM_RUN/startup_stm32f10x_md.o
I2C2_EV_IRQHandler                                ROM_RUN/startup_stm32f10x_md.o
I2S_Cmd                                           ROM_RUN/stm32f10x_spi.o
I2S_Init                                          ROM_RUN/stm32f10x_spi.o
I2S_StructInit                                    ROM_RUN/stm32f10x_spi.o
IWDG_Enable                                       ROM_RUN/stm32f10x_iwdg.o
IWDG_GetFlagStatus                                ROM_RUN/stm32f10x_iwdg.o
IWDG_ReloadCounter                                ROM_RUN/stm32f10x_iwdg.o
IWDG_SetPrescaler                                 ROM_RUN/stm32f10x_iwdg.o
IWDG_SetReload                                    ROM_RUN/stm32f10x_iwdg.o
IWDG_WriteAccessCmd                               ROM_RUN/stm32f10x_iwdg.o
Init                                              ROM_RUN/main.o
LEDData_Init                                      ROM_RUN/main.o
LEDMode                                           ROM_RUN/main.o
LEDS                                              ROM_RUN/main.o
LEDXLat                                           ROM_RUN/main.o
LED_Init                                          ROM_RUN/main.o
LED_Off                                           ROM_RUN/main.o
LED_On                                            ROM_RUN/main.o
LED_Set                                           ROM_RUN/main.o
LED_Toggle                                        ROM_RUN/main.o
MemManage_Handler                                 ROM_RUN/stm32f10x_it.o
                                                  ROM_RUN/startup_stm32f10x_md.o
NMI_Handler                                       ROM_RUN/stm32f10x_it.o
                                                  ROM_RUN/startup_stm32f10x_md.o
NVIC_Configuration                                ROM_RUN/main.o
NVIC_Init                                         ROM_RUN/misc.o
                                                  ROM_RUN/main.o
NVIC_PriorityGroupConfig                          ROM_RUN/misc.o
                                                  ROM_RUN/main.o
NVIC_SetVectorTable                               ROM_RUN/misc.o
NVIC_SystemLPConfig                               ROM_RUN/misc.o
PVD_IRQHandler                                    ROM_RUN/startup_stm32f10x_md.o
PWR_BackupAccessCmd                               ROM_RUN/stm32f10x_pwr.o
PWR_ClearFlag                                     ROM_RUN/stm32f10x_pwr.o
PWR_DeInit                                        ROM_RUN/stm32f10x_pwr.o
PWR_EnterSTANDBYMode                              ROM_RUN/stm32f10x_pwr.o
PWR_EnterSTOPMode                                 ROM_RUN/stm32f10x_pwr.o
PWR_GetFlagStatus                                 ROM_RUN/stm32f10x_pwr.o
PWR_PVDCmd                                        ROM_RUN/stm32f10x_pwr.o
PWR_PVDLevelConfig                                ROM_RUN/stm32f10x_pwr.o
PWR_WakeUpPinCmd                                  ROM_RUN/stm32f10x_pwr.o
Packet_CheckCRC                                   ROM_RUN/Packet.o
                                                  ROM_RUN/main.o
Packet_Init                                       ROM_RUN/Packet.o
Packet_SetCRC                                     ROM_RUN/Packet.o
PendSV_Handler                                    ROM_RUN/stm32f10x_it.o
                                                  ROM_RUN/startup_stm32f10x_md.o
PixelClock_Init                                   ROM_RUN/main.o
RCC_ADCCLKConfig                                  ROM_RUN/stm32f10x_rcc.o
RCC_AHBPeriphClockCmd                             ROM_RUN/stm32f10x_rcc.o
                                                  ROM_RUN/Packet.o
                                                  ROM_RUN/main.o
RCC_APB1PeriphClockCmd                            ROM_RUN/stm32f10x_rcc.o
                                                  ROM_RUN/test.o
                                                  ROM_RUN/main.o
RCC_APB1PeriphResetCmd                            ROM_RUN/stm32f10x_rcc.o
                                                  ROM_RUN/stm32f10x_tim.o
                                                  ROM_RUN/stm32f10x_pwr.o
                                                  ROM_RUN/stm32f10x_spi.o
                                                  ROM_RUN/stm32f10x_usart.o
RCC_APB2PeriphClockCmd                            ROM_RUN/stm32f10x_rcc.o
                                                  ROM_RUN/test.o
                                                  ROM_RUN/main.o
RCC_APB2PeriphResetCmd                            ROM_RUN/stm32f10x_rcc.o
                                                  ROM_RUN/stm32f10x_tim.o
                                                  ROM_RUN/stm32f10x_spi.o
                                                  ROM_RUN/stm32f10x_gpio.o
                                                  ROM_RUN/stm32f10x_usart.o
RCC_AdjustHSICalibrationValue                     ROM_RUN/stm32f10x_rcc.o
RCC_BackupResetCmd                                ROM_RUN/stm32f10x_rcc.o
                                                  ROM_RUN/stm32f10x_bkp.o
RCC_ClearFlag                                     ROM_RUN/stm32f10x_rcc.o
RCC_ClearITPendingBit                             ROM_RUN/stm32f10x_rcc.o
RCC_ClockSecuritySystemCmd                        ROM_RUN/stm32f10x_rcc.o
RCC_Configuration                                 ROM_RUN/main.o
RCC_DeInit                                        ROM_RUN/stm32f10x_rcc.o
RCC_GetClocksFreq                                 ROM_RUN/stm32f10x_rcc.o
                                                  ROM_RUN/stm32f10x_spi.o
                                                  ROM_RUN/stm32f10x_usart.o
RCC_GetFlagStatus                                 ROM_RUN/stm32f10x_rcc.o
RCC_GetITStatus                                   ROM_RUN/stm32f10x_rcc.o
RCC_GetSYSCLKSource                               ROM_RUN/stm32f10x_rcc.o
RCC_HCLKConfig                                    ROM_RUN/stm32f10x_rcc.o
RCC_HSEConfig                                     ROM_RUN/stm32f10x_rcc.o
RCC_HSICmd                                        ROM_RUN/stm32f10x_rcc.o
RCC_IRQHandler                                    ROM_RUN/startup_stm32f10x_md.o
RCC_ITConfig                                      ROM_RUN/stm32f10x_rcc.o
RCC_LSEConfig                                     ROM_RUN/stm32f10x_rcc.o
RCC_LSICmd                                        ROM_RUN/stm32f10x_rcc.o
RCC_MCOConfig                                     ROM_RUN/stm32f10x_rcc.o
RCC_PCLK1Config                                   ROM_RUN/stm32f10x_rcc.o
                                                  ROM_RUN/main.o
RCC_PCLK2Config                                   ROM_RUN/stm32f10x_rcc.o
                                                  ROM_RUN/test.o
RCC_PLLCmd                                        ROM_RUN/stm32f10x_rcc.o
RCC_PLLConfig                                     ROM_RUN/stm32f10x_rcc.o
RCC_RTCCLKCmd                                     ROM_RUN/stm32f10x_rcc.o
RCC_RTCCLKConfig                                  ROM_RUN/stm32f10x_rcc.o
RCC_SYSCLKConfig                                  ROM_RUN/stm32f10x_rcc.o
RCC_USBCLKConfig                                  ROM_RUN/stm32f10x_rcc.o
RCC_WaitForHSEStartUp                             ROM_RUN/stm32f10x_rcc.o
RS485_Init                                        ROM_RUN/main.o
RTCAlarm_IRQHandler                               ROM_RUN/startup_stm32f10x_md.o
RTC_ClearFlag                                     ROM_RUN/stm32f10x_rtc.o
RTC_ClearITPendingBit                             ROM_RUN/stm32f10x_rtc.o
RTC_EnterConfigMode                               ROM_RUN/stm32f10x_rtc.o
RTC_ExitConfigMode                                ROM_RUN/stm32f10x_rtc.o
RTC_GetCounter                                    ROM_RUN/stm32f10x_rtc.o
RTC_GetDivider                                    ROM_RUN/stm32f10x_rtc.o
RTC_GetFlagStatus                                 ROM_RUN/stm32f10x_rtc.o
RTC_GetITStatus                                   ROM_RUN/stm32f10x_rtc.o
RTC_IRQHandler                                    ROM_RUN/startup_stm32f10x_md.o
RTC_ITConfig                                      ROM_RUN/stm32f10x_rtc.o
RTC_SetAlarm                                      ROM_RUN/stm32f10x_rtc.o
RTC_SetCounter                                    ROM_RUN/stm32f10x_rtc.o
RTC_SetPrescaler                                  ROM_RUN/stm32f10x_rtc.o
RTC_WaitForLastTask                               ROM_RUN/stm32f10x_rtc.o
RTC_WaitForSynchro                                ROM_RUN/stm32f10x_rtc.o
Reset_Handler                                     ROM_RUN/startup_stm32f10x_md.o
RxIdx                                             ROM_RUN/test.o
SPI1_Buffer_Rx                                    ROM_RUN/test.o
SPI1_Buffer_Tx                                    ROM_RUN/test.o
SPI1_IRQHandler                                   ROM_RUN/startup_stm32f10x_md.o
SPI2_Buffer_Rx                                    ROM_RUN/test.o
SPI2_Buffer_Tx                                    ROM_RUN/test.o
SPI2_IRQHandler                                   ROM_RUN/startup_stm32f10x_md.o
SPI_BiDirectionalLineConfig                       ROM_RUN/stm32f10x_spi.o
SPI_CalculateCRC                                  ROM_RUN/stm32f10x_spi.o
SPI_Cmd                                           ROM_RUN/stm32f10x_spi.o
                                                  ROM_RUN/main.o
SPI_DataSizeConfig                                ROM_RUN/stm32f10x_spi.o
SPI_GetCRC                                        ROM_RUN/stm32f10x_spi.o
SPI_GetCRCPolynomial                              ROM_RUN/stm32f10x_spi.o
SPI_I2S_ClearFlag                                 ROM_RUN/stm32f10x_spi.o
SPI_I2S_ClearITPendingBit                         ROM_RUN/stm32f10x_spi.o
SPI_I2S_DMACmd                                    ROM_RUN/stm32f10x_spi.o
SPI_I2S_DeInit                                    ROM_RUN/stm32f10x_spi.o
SPI_I2S_GetFlagStatus                             ROM_RUN/stm32f10x_spi.o
                                                  ROM_RUN/main.o
SPI_I2S_GetITStatus                               ROM_RUN/stm32f10x_spi.o
SPI_I2S_ITConfig                                  ROM_RUN/stm32f10x_spi.o
SPI_I2S_ReceiveData                               ROM_RUN/stm32f10x_spi.o
SPI_I2S_SendData                                  ROM_RUN/stm32f10x_spi.o
                                                  ROM_RUN/main.o
SPI_Init                                          ROM_RUN/stm32f10x_spi.o
                                                  ROM_RUN/main.o
SPI_MASTER_Buffer_Tx                              ROM_RUN/main.o
SPI_NSSInternalSoftwareConfig                     ROM_RUN/stm32f10x_spi.o
SPI_SSOutputCmd                                   ROM_RUN/stm32f10x_spi.o
SPI_StructInit                                    ROM_RUN/stm32f10x_spi.o
SPI_TransmitCRC                                   ROM_RUN/stm32f10x_spi.o
SVC_Handler                                       ROM_RUN/stm32f10x_it.o
                                                  ROM_RUN/startup_stm32f10x_md.o
SetDotValue                                       ROM_RUN/main.o
SysTick_CLKSourceConfig                           ROM_RUN/misc.o
SysTick_Handler                                   ROM_RUN/stm32f10x_it.o
                                                  ROM_RUN/startup_stm32f10x_md.o
SystemCoreClock                                   ROM_RUN/system_stm32f10x.o
SystemCoreClockUpdate                             ROM_RUN/system_stm32f10x.o
SystemInit                                        ROM_RUN/system_stm32f10x.o
                                                  ROM_RUN/test.o
                                                  ROM_RUN/main.o
SystemInit_ExtMemCtl_Dummy                        ROM_RUN/startup_stm32f10x_md.o
TAMPER_IRQHandler                                 ROM_RUN/startup_stm32f10x_md.o
TIM1_BRK_IRQHandler                               ROM_RUN/startup_stm32f10x_md.o
TIM1_CC_IRQHandler                                ROM_RUN/startup_stm32f10x_md.o
TIM1_TRG_COM_IRQHandler                           ROM_RUN/startup_stm32f10x_md.o
TIM1_UP_IRQHandler                                ROM_RUN/startup_stm32f10x_md.o
TIM2_IRQHandler                                   ROM_RUN/startup_stm32f10x_md.o
TIM3_IRQHandler                                   ROM_RUN/main.o
                                                  ROM_RUN/startup_stm32f10x_md.o
TIM4_IRQHandler                                   ROM_RUN/startup_stm32f10x_md.o
TIM_ARRPreloadConfig                              ROM_RUN/stm32f10x_tim.o
                                                  ROM_RUN/main.o
TIM_BDTRConfig                                    ROM_RUN/stm32f10x_tim.o
TIM_BDTRStructInit                                ROM_RUN/stm32f10x_tim.o
TIM_CCPreloadControl                              ROM_RUN/stm32f10x_tim.o
TIM_CCxCmd                                        ROM_RUN/stm32f10x_tim.o
TIM_CCxNCmd                                       ROM_RUN/stm32f10x_tim.o
TIM_ClearFlag                                     ROM_RUN/stm32f10x_tim.o
TIM_ClearITPendingBit                             ROM_RUN/stm32f10x_tim.o
                                                  ROM_RUN/main.o
TIM_ClearOC1Ref                                   ROM_RUN/stm32f10x_tim.o
TIM_ClearOC2Ref                                   ROM_RUN/stm32f10x_tim.o
TIM_ClearOC3Ref                                   ROM_RUN/stm32f10x_tim.o
TIM_ClearOC4Ref                                   ROM_RUN/stm32f10x_tim.o
TIM_Cmd                                           ROM_RUN/stm32f10x_tim.o
                                                  ROM_RUN/main.o
TIM_CounterModeConfig                             ROM_RUN/stm32f10x_tim.o
TIM_CtrlPWMOutputs                                ROM_RUN/stm32f10x_tim.o
TIM_DMACmd                                        ROM_RUN/stm32f10x_tim.o
TIM_DMAConfig                                     ROM_RUN/stm32f10x_tim.o
TIM_DeInit                                        ROM_RUN/stm32f10x_tim.o
TIM_ETRClockMode1Config                           ROM_RUN/stm32f10x_tim.o
TIM_ETRClockMode2Config                           ROM_RUN/stm32f10x_tim.o
TIM_ETRConfig                                     ROM_RUN/stm32f10x_tim.o
TIM_EncoderInterfaceConfig                        ROM_RUN/stm32f10x_tim.o
TIM_ForcedOC1Config                               ROM_RUN/stm32f10x_tim.o
TIM_ForcedOC2Config                               ROM_RUN/stm32f10x_tim.o
TIM_ForcedOC3Config                               ROM_RUN/stm32f10x_tim.o
TIM_ForcedOC4Config                               ROM_RUN/stm32f10x_tim.o
TIM_GenerateEvent                                 ROM_RUN/stm32f10x_tim.o
TIM_GetCapture1                                   ROM_RUN/stm32f10x_tim.o
TIM_GetCapture2                                   ROM_RUN/stm32f10x_tim.o
TIM_GetCapture3                                   ROM_RUN/stm32f10x_tim.o
TIM_GetCapture4                                   ROM_RUN/stm32f10x_tim.o
TIM_GetCounter                                    ROM_RUN/stm32f10x_tim.o
TIM_GetFlagStatus                                 ROM_RUN/stm32f10x_tim.o
TIM_GetITStatus                                   ROM_RUN/stm32f10x_tim.o
                                                  ROM_RUN/main.o
TIM_GetPrescaler                                  ROM_RUN/stm32f10x_tim.o
TIM_ICInit                                        ROM_RUN/stm32f10x_tim.o
TIM_ICStructInit                                  ROM_RUN/stm32f10x_tim.o
TIM_ITConfig                                      ROM_RUN/stm32f10x_tim.o
                                                  ROM_RUN/main.o
TIM_ITRxExternalClockConfig                       ROM_RUN/stm32f10x_tim.o
TIM_InternalClockConfig                           ROM_RUN/stm32f10x_tim.o
TIM_OC1FastConfig                                 ROM_RUN/stm32f10x_tim.o
TIM_OC1Init                                       ROM_RUN/stm32f10x_tim.o
                                                  ROM_RUN/main.o
TIM_OC1NPolarityConfig                            ROM_RUN/stm32f10x_tim.o
TIM_OC1PolarityConfig                             ROM_RUN/stm32f10x_tim.o
TIM_OC1PreloadConfig                              ROM_RUN/stm32f10x_tim.o
TIM_OC2FastConfig                                 ROM_RUN/stm32f10x_tim.o
TIM_OC2Init                                       ROM_RUN/stm32f10x_tim.o
TIM_OC2NPolarityConfig                            ROM_RUN/stm32f10x_tim.o
TIM_OC2PolarityConfig                             ROM_RUN/stm32f10x_tim.o
TIM_OC2PreloadConfig                              ROM_RUN/stm32f10x_tim.o
TIM_OC3FastConfig                                 ROM_RUN/stm32f10x_tim.o
TIM_OC3Init                                       ROM_RUN/stm32f10x_tim.o
TIM_OC3NPolarityConfig                            ROM_RUN/stm32f10x_tim.o
TIM_OC3PolarityConfig                             ROM_RUN/stm32f10x_tim.o
TIM_OC3PreloadConfig                              ROM_RUN/stm32f10x_tim.o
TIM_OC4FastConfig                                 ROM_RUN/stm32f10x_tim.o
TIM_OC4Init                                       ROM_RUN/stm32f10x_tim.o
TIM_OC4PolarityConfig                             ROM_RUN/stm32f10x_tim.o
TIM_OC4PreloadConfig                              ROM_RUN/stm32f10x_tim.o
TIM_OCStructInit                                  ROM_RUN/stm32f10x_tim.o
TIM_PWMIConfig                                    ROM_RUN/stm32f10x_tim.o
TIM_PrescalerConfig                               ROM_RUN/stm32f10x_tim.o
TIM_SelectCCDMA                                   ROM_RUN/stm32f10x_tim.o
TIM_SelectCOM                                     ROM_RUN/stm32f10x_tim.o
TIM_SelectHallSensor                              ROM_RUN/stm32f10x_tim.o
TIM_SelectInputTrigger                            ROM_RUN/stm32f10x_tim.o
                                                  ROM_RUN/main.o
TIM_SelectMasterSlaveMode                         ROM_RUN/stm32f10x_tim.o
                                                  ROM_RUN/main.o
TIM_SelectOCxM                                    ROM_RUN/stm32f10x_tim.o
TIM_SelectOnePulseMode                            ROM_RUN/stm32f10x_tim.o
TIM_SelectOutputTrigger                           ROM_RUN/stm32f10x_tim.o
                                                  ROM_RUN/main.o
TIM_SelectSlaveMode                               ROM_RUN/stm32f10x_tim.o
                                                  ROM_RUN/main.o
TIM_SetAutoreload                                 ROM_RUN/stm32f10x_tim.o
TIM_SetClockDivision                              ROM_RUN/stm32f10x_tim.o
TIM_SetCompare1                                   ROM_RUN/stm32f10x_tim.o
TIM_SetCompare2                                   ROM_RUN/stm32f10x_tim.o
TIM_SetCompare3                                   ROM_RUN/stm32f10x_tim.o
TIM_SetCompare4                                   ROM_RUN/stm32f10x_tim.o
TIM_SetCounter                                    ROM_RUN/stm32f10x_tim.o
TIM_SetIC1Prescaler                               ROM_RUN/stm32f10x_tim.o
TIM_SetIC2Prescaler                               ROM_RUN/stm32f10x_tim.o
TIM_SetIC3Prescaler                               ROM_RUN/stm32f10x_tim.o
TIM_SetIC4Prescaler                               ROM_RUN/stm32f10x_tim.o
TIM_TIxExternalClockConfig                        ROM_RUN/stm32f10x_tim.o
TIM_TimeBaseInit                                  ROM_RUN/stm32f10x_tim.o
                                                  ROM_RUN/main.o
TIM_TimeBaseStructInit                            ROM_RUN/stm32f10x_tim.o
TIM_UpdateDisableConfig                           ROM_RUN/stm32f10x_tim.o
TIM_UpdateRequestConfig                           ROM_RUN/stm32f10x_tim.o
Test_SPI2                                         ROM_RUN/test.o
TransferStatus1                                   ROM_RUN/test.o
TransferStatus2                                   ROM_RUN/test.o
TxIdx                                             ROM_RUN/test.o
USART1_IRQHandler                                 ROM_RUN/main.o
                                                  ROM_RUN/startup_stm32f10x_md.o
USART2_IRQHandler                                 ROM_RUN/startup_stm32f10x_md.o
USART3_IRQHandler                                 ROM_RUN/startup_stm32f10x_md.o
USART_ClearFlag                                   ROM_RUN/stm32f10x_usart.o
USART_ClearITPendingBit                           ROM_RUN/stm32f10x_usart.o
USART_ClockInit                                   ROM_RUN/stm32f10x_usart.o
                                                  ROM_RUN/main.o
USART_ClockStructInit                             ROM_RUN/stm32f10x_usart.o
                                                  ROM_RUN/main.o
USART_Cmd                                         ROM_RUN/stm32f10x_usart.o
                                                  ROM_RUN/test.o
                                                  ROM_RUN/main.o
USART_DMACmd                                      ROM_RUN/stm32f10x_usart.o
                                                  ROM_RUN/main.o
USART_DeInit                                      ROM_RUN/stm32f10x_usart.o
USART_GetFlagStatus                               ROM_RUN/stm32f10x_usart.o
                                                  ROM_RUN/test.o
USART_GetITStatus                                 ROM_RUN/stm32f10x_usart.o
USART_HalfDuplexCmd                               ROM_RUN/stm32f10x_usart.o
USART_ITConfig                                    ROM_RUN/stm32f10x_usart.o
                                                  ROM_RUN/main.o
USART_Init                                        ROM_RUN/stm32f10x_usart.o
                                                  ROM_RUN/test.o
                                                  ROM_RUN/main.o
USART_IrDACmd                                     ROM_RUN/stm32f10x_usart.o
USART_IrDAConfig                                  ROM_RUN/stm32f10x_usart.o
USART_LINBreakDetectLengthConfig                  ROM_RUN/stm32f10x_usart.o
USART_LINCmd                                      ROM_RUN/stm32f10x_usart.o
USART_OneBitMethodCmd                             ROM_RUN/stm32f10x_usart.o
USART_OverSampling8Cmd                            ROM_RUN/stm32f10x_usart.o
USART_ReceiveData                                 ROM_RUN/stm32f10x_usart.o
                                                  ROM_RUN/test.o
USART_ReceiverWakeUpCmd                           ROM_RUN/stm32f10x_usart.o
                                                  ROM_RUN/main.o
USART_SendBreak                                   ROM_RUN/stm32f10x_usart.o
USART_SendData                                    ROM_RUN/stm32f10x_usart.o
USART_SetAddress                                  ROM_RUN/stm32f10x_usart.o
                                                  ROM_RUN/main.o
USART_SetGuardTime                                ROM_RUN/stm32f10x_usart.o
USART_SetPrescaler                                ROM_RUN/stm32f10x_usart.o
USART_SmartCardCmd                                ROM_RUN/stm32f10x_usart.o
USART_SmartCardNACKCmd                            ROM_RUN/stm32f10x_usart.o
USART_StructInit                                  ROM_RUN/stm32f10x_usart.o
                                                  ROM_RUN/test.o
                                                  ROM_RUN/main.o
USART_WakeUpConfig                                ROM_RUN/stm32f10x_usart.o
                                                  ROM_RUN/main.o
USBWakeUp_IRQHandler                              ROM_RUN/startup_stm32f10x_md.o
USB_HP_CAN1_TX_IRQHandler                         ROM_RUN/startup_stm32f10x_md.o
USB_LP_CAN1_RX0_IRQHandler                        ROM_RUN/startup_stm32f10x_md.o
UpdateAnim                                        ROM_RUN/main.o
UpdateLED                                         ROM_RUN/main.o
UpdateLEDDot                                      ROM_RUN/main.o
UsageFault_Handler                                ROM_RUN/stm32f10x_it.o
                                                  ROM_RUN/startup_stm32f10x_md.o
WWDG_IRQHandler                                   ROM_RUN/startup_stm32f10x_md.o
__LDREXB                                          ROM_RUN/core_cm3.o
__LDREXH                                          ROM_RUN/core_cm3.o
__LDREXW                                          ROM_RUN/core_cm3.o
__RBIT                                            ROM_RUN/core_cm3.o
__REV                                             ROM_RUN/core_cm3.o
__REV16                                           ROM_RUN/core_cm3.o
__REVSH                                           ROM_RUN/core_cm3.o
__STREXB                                          ROM_RUN/core_cm3.o
__STREXH                                          ROM_RUN/core_cm3.o
__STREXW                                          ROM_RUN/core_cm3.o
__get_BASEPRI                                     ROM_RUN/core_cm3.o
__get_CONTROL                                     ROM_RUN/core_cm3.o
__get_FAULTMASK                                   ROM_RUN/core_cm3.o
__get_MSP                                         ROM_RUN/core_cm3.o
__get_PRIMASK                                     ROM_RUN/core_cm3.o
__get_PSP                                         ROM_RUN/core_cm3.o
__set_BASEPRI                                     ROM_RUN/core_cm3.o
__set_CONTROL                                     ROM_RUN/core_cm3.o
__set_FAULTMASK                                   ROM_RUN/core_cm3.o
__set_MSP                                         ROM_RUN/core_cm3.o
__set_PRIMASK                                     ROM_RUN/core_cm3.o
__set_PSP                                         ROM_RUN/core_cm3.o
_ebss                                             ROM_RUN/startup_stm32f10x_md.o
_edata                                            ROM_RUN/startup_stm32f10x_md.o
_estack                                           ROM_RUN/startup_stm32f10x_md.o
_sbss                                             ROM_RUN/startup_stm32f10x_md.o
_sdata                                            ROM_RUN/startup_stm32f10x_md.o
_sidata                                           ROM_RUN/startup_stm32f10x_md.o
font                                              ROM_RUN/font.o
                                                  ROM_RUN/main.o
g_pfnVectors                                      ROM_RUN/startup_stm32f10x_md.o
lv                                                ROM_RUN/stm32f10x_it.o
main                                              ROM_RUN/main.o
                                                  ROM_RUN/startup_stm32f10x_md.o
memcpy                                            /usr/local/arm-cross/bin/../lib/gcc/arm-none-eabi/4.5.4/../../../../arm-none-eabi/lib/thumb/libc.a(lib_a-memcpy.o)
                                                  ROM_RUN/main.o
